 
****************************************
Report : constraint
        -all_violators
Design : vending_top
Version: X-2025.06-SP2
Date   : Sat Jul 11 00:31:10 2026
****************************************


   min_delay/hold ('clk' group)

                             Required        Actual
   Endpoint                 Path Delay     Path Delay        Slack
   -----------------------------------------------------------------
   u_control_unit/state_reg[2]/SETB
                                0.54           0.14 f        -0.40  (VIOLATED)
   u_stock_memory/price_reg[2]/D
                                0.49           0.13 f        -0.36  (VIOLATED)
   u_stock_memory/price_reg[6]/D
                                0.49           0.14 f        -0.36  (VIOLATED)
   u_stock_memory/stock_reg[4]/D
                                0.49           0.14 f        -0.36  (VIOLATED)
   u_stock_memory/memory_reg[1][1]/D
                                0.49           0.14 f        -0.35  (VIOLATED)
   u_stock_memory/memory_reg[1][3]/D
                                0.49           0.14 f        -0.35  (VIOLATED)
   u_stock_memory/memory_reg[1][4]/D
                                0.49           0.14 f        -0.35  (VIOLATED)
   u_stock_memory/memory_reg[2][2]/D
                                0.49           0.14 f        -0.35  (VIOLATED)
   u_stock_memory/memory_reg[2][3]/D
                                0.49           0.14 f        -0.35  (VIOLATED)
   u_stock_memory/memory_reg[2][4]/D
                                0.49           0.14 f        -0.35  (VIOLATED)
   u_stock_memory/memory_reg[0][1]/D
                                0.49           0.14 f        -0.35  (VIOLATED)
   u_stock_memory/memory_reg[0][3]/D
                                0.49           0.14 f        -0.35  (VIOLATED)
   u_stock_memory/memory_reg[0][4]/D
                                0.49           0.14 f        -0.35  (VIOLATED)
   u_stock_memory/memory_reg[3][0]/D
                                0.49           0.14 f        -0.35  (VIOLATED)
   u_stock_memory/price_reg[0]/D
                                0.49           0.14 f        -0.35  (VIOLATED)
   u_stock_memory/memory_reg[3][2]/D
                                0.49           0.14 f        -0.35  (VIOLATED)
   u_stock_memory/memory_reg[3][3]/D
                                0.49           0.14 f        -0.35  (VIOLATED)
   u_stock_memory/memory_reg[3][4]/D
                                0.49           0.14 f        -0.35  (VIOLATED)
   u_stock_memory/price_reg[1]/D
                                0.49           0.14 f        -0.35  (VIOLATED)
   u_control_unit/state_reg[0]/D
                                0.49           0.14 f        -0.35  (VIOLATED)
   u_stock_memory/memory_reg[2][0]/D
                                0.49           0.14 f        -0.35  (VIOLATED)
   u_stock_memory/memory_reg[0][0]/D
                                0.49           0.14 f        -0.35  (VIOLATED)
   u_stock_memory/memory_reg[1][0]/D
                                0.49           0.14 f        -0.35  (VIOLATED)
   u_stock_memory/stock_reg[3]/D
                                0.49           0.14 f        -0.35  (VIOLATED)
   u_stock_memory/stock_reg[1]/D
                                0.49           0.14 f        -0.35  (VIOLATED)
   u_stock_memory/stock_reg[0]/D
                                0.49           0.14 f        -0.35  (VIOLATED)
   u_stock_memory/stock_reg[2]/D
                                0.49           0.14 f        -0.35  (VIOLATED)
   u_stock_memory/price_reg[5]/D
                                0.49           0.14 f        -0.35  (VIOLATED)
   u_stock_memory/price_reg[4]/D
                                0.49           0.14 f        -0.35  (VIOLATED)
   u_stock_memory/price_reg[3]/D
                                0.49           0.14 f        -0.35  (VIOLATED)
   u_stock_memory/memory_reg[3][1]/D
                                0.49           0.15 f        -0.34  (VIOLATED)
   u_stock_memory/memory_reg[1][2]/D
                                0.49           0.15 f        -0.34  (VIOLATED)
   u_stock_memory/memory_reg[2][1]/D
                                0.49           0.15 f        -0.34  (VIOLATED)
   u_stock_memory/memory_reg[0][2]/D
                                0.49           0.15 f        -0.34  (VIOLATED)
   u_cash_register/credit_reg[7]/D
                                0.49           0.16 f        -0.34  (VIOLATED)
   u_control_unit/state_reg[2]/D
                                0.48           0.14 f        -0.33  (VIOLATED)
   u_cash_register/credit_reg[5]/D
                                0.49           0.16 f        -0.33  (VIOLATED)
   u_cash_register/credit_reg[0]/D
                                0.49           0.16 f        -0.33  (VIOLATED)
   u_cash_register/credit_reg[6]/D
                                0.49           0.17 f        -0.33  (VIOLATED)
   u_cash_register/credit_reg[1]/D
                                0.49           0.17 f        -0.33  (VIOLATED)
   u_cash_register/credit_reg[2]/D
                                0.49           0.17 f        -0.33  (VIOLATED)
   u_cash_register/credit_reg[3]/D
                                0.49           0.17 f        -0.32  (VIOLATED)
   u_cash_register/credit_reg[4]/D
                                0.49           0.17 f        -0.32  (VIOLATED)
   u_control_unit/state_reg[1]/D
                                0.49           0.17 r        -0.32  (VIOLATED)
   u_control_unit/check_wait_flag_reg/D
                                0.48           0.19 f        -0.29  (VIOLATED)


1
